{
  "exclude": {
    "files": ".*_wf\\.py$|.*metadata\\.json$|.*\\.json$|.*\\.md$|.*\\.ipynb$|.*\\.excalidraw$|.*\\.html$|.*pipeline_definitions\\.yaml$|.*\\.py.*$|^.secrets.baseline$",
    "lines": null
  },
  "generated_at": "2025-11-19T16:51:21Z",
  "plugins_used": [
    {
      "name": "AWSKeyDetector"
    },
    {
      "name": "ArtifactoryDetector"
    },
    {
      "name": "AzureStorageKeyDetector"
    },
    {
      "base64_limit": 4.5,
      "name": "Base64HighEntropyString"
    },
    {
      "name": "BasicAuthDetector"
    },
    {
      "name": "BoxDetector"
    },
    {
      "name": "CloudantDetector"
    },
    {
      "ghe_instance": "github.ibm.com",
      "name": "GheDetector"
    },
    {
      "name": "GitHubTokenDetector"
    },
    {
      "hex_limit": 3,
      "name": "HexHighEntropyString"
    },
    {
      "name": "IbmCloudIamDetector"
    },
    {
      "name": "IbmCosHmacDetector"
    },
    {
      "name": "JwtTokenDetector"
    },
    {
      "keyword_exclude": null,
      "name": "KeywordDetector"
    },
    {
      "name": "MailchimpDetector"
    },
    {
      "name": "NpmDetector"
    },
    {
      "name": "PrivateKeyDetector"
    },
    {
      "name": "SlackDetector"
    },
    {
      "name": "SoftlayerDetector"
    },
    {
      "name": "SquareOAuthDetector"
    },
    {
      "name": "StripeDetector"
    },
    {
      "name": "TwilioKeyDetector"
    }
  ],
  "results": {
    ".github/workflows/test-universal-opensearch.yml": [
      {
        "hashed_secret": "93a1fe0b6019fc2c461b2ae605dbe6ae2d579ea7",
        "is_secret": false,
        "is_verified": false,
        "line_number": 93,
        "type": "Secret Keyword",
        "verified_result": null
      }
    ],
    "scripts/k8s-setup/s3_secret.yaml": [
      {
        "hashed_secret": "fc17d49105270ecf1b206630a1f3a3487fbde43c",
        "is_secret": false,
        "is_verified": false,
        "line_number": 7,
        "type": "Base64 High Entropy String",
        "verified_result": null
      },
      {
        "hashed_secret": "a81e63773352d43b047aae1a4523c30da7d4bcfc",
        "is_secret": false,
        "is_verified": false,
        "line_number": 9,
        "type": "Secret Keyword",
        "verified_result": null
      }
    ],
    "transforms/language/similarity/tools/load_elasticsearch/.env.example": [
      {
        "hashed_secret": "fa9beb99e4029ad5a6615399e7bbae21356086b3",
        "is_secret": false,
        "is_verified": false,
        "line_number": 3,
        "type": "Secret Keyword",
        "verified_result": null
      }
    ]
  },
  "version": "0.13.1+ibm.64.dss",
  "word_list": {
    "file": null,
    "hash": null
  }
}
